11:40:31.111 Main start
11:40:31.147 Before FormLogin ctor
11:40:31.192 FormLogin ctor start
11:40:31.427 FormLogin ctor end
11:40:31.427 After FormLogin ctor
11:40:31.434 FormLogin HandleCreated
11:40:31.451 FormLogin Load
11:40:31.452 FormLogin VisibleChanged=True
11:40:31.483 FormLogin Shown
11:40:51.492 FormLogin VisibleChanged=False
12:10:57.167 Main start
12:10:57.200 Before FormLogin ctor
12:10:57.240 FormLogin ctor start
12:10:57.446 FormLogin ctor end
12:10:57.446 After FormLogin ctor
12:10:57.453 FormLogin HandleCreated
12:10:57.471 FormLogin Load
12:10:57.472 FormLogin VisibleChanged=True
12:10:57.508 FormLogin Shown
12:11:28.659 FormLogin FormClosed=Cancel
12:11:28.674 FormLogin HandleDestroyed
12:11:37.295 Main start
12:11:37.327 Before FormLogin ctor
12:11:37.367 FormLogin ctor start
12:11:37.574 FormLogin ctor end
12:11:37.574 After FormLogin ctor
12:11:37.580 FormLogin HandleCreated
12:11:37.593 FormLogin Load
12:11:37.594 FormLogin VisibleChanged=True
12:11:37.627 FormLogin Shown
12:15:02.794 FormLogin FormClosed=Cancel
12:15:02.804 FormLogin HandleDestroyed
12:30:58.971 Main start
12:30:59.005 Before FormLogin ctor
12:30:59.037 FormLogin ctor start
12:30:59.210 FormLogin ctor end
12:30:59.210 After FormLogin ctor
12:30:59.213 FormLogin HandleCreated
12:30:59.250 FormLogin Load
12:30:59.251 FormLogin VisibleChanged=True
12:30:59.273 FormLogin Shown
12:31:18.206 Main start
12:31:18.235 Before FormLogin ctor
12:31:18.268 FormLogin ctor start
12:31:18.484 FormLogin ctor end
12:31:18.485 After FormLogin ctor
12:31:18.487 FormLogin HandleCreated
12:31:18.503 FormLogin Load
12:31:18.504 FormLogin VisibleChanged=True
12:31:18.539 FormLogin Shown
12:31:35.821 FormLogin FormClosed=Cancel
12:31:35.860 FormLogin HandleDestroyed
12:33:06.824 Main start
12:33:06.854 Before FormLogin ctor
12:33:06.883 FormLogin ctor start
12:33:07.030 FormLogin ctor end
12:33:07.031 After FormLogin ctor
12:33:07.033 FormLogin HandleCreated
12:33:07.045 FormLogin Load
12:33:07.046 FormLogin VisibleChanged=True
12:33:07.069 FormLogin Shown
12:33:19.912 FormLogin VisibleChanged=False
12:34:52.505 FormLogin FormClosed=None
12:34:52.507 FormLogin HandleDestroyed
12:38:36.711 Main start
12:38:36.734 Before FormLogin ctor
12:38:36.760 FormLogin ctor start
12:38:36.908 FormLogin ctor end
12:38:36.909 After FormLogin ctor
12:38:36.911 FormLogin HandleCreated
12:38:36.928 FormLogin Load
12:38:36.929 FormLogin VisibleChanged=True
12:38:36.948 FormLogin Shown
12:38:44.311 FormLogin VisibleChanged=False
12:39:13.818 FormLogin FormClosed=None
12:39:13.819 FormLogin HandleDestroyed
12:41:08.763 Main start
12:41:08.784 Before FormLogin ctor
12:41:08.813 FormLogin ctor start
12:41:08.956 FormLogin ctor end
12:41:08.956 After FormLogin ctor
12:41:08.959 FormLogin HandleCreated
12:41:08.968 FormLogin Load
12:41:08.969 FormLogin VisibleChanged=True
12:41:08.989 FormLogin Shown
12:41:29.388 FormLogin VisibleChanged=False
12:44:24.805 FormLogin FormClosed=None
12:44:24.806 FormLogin HandleDestroyed
12:48:15.142 Main start
12:48:15.163 Before FormLogin ctor
12:48:15.189 FormLogin ctor start
12:48:15.339 FormLogin ctor end
12:48:15.339 After FormLogin ctor
12:48:15.341 FormLogin HandleCreated
12:48:15.355 FormLogin Load
12:48:15.355 FormLogin VisibleChanged=True
12:48:15.375 FormLogin Shown
12:48:22.500 FormLogin VisibleChanged=False
15:10:50.402 Main start
15:10:50.442 Before FormLogin ctor
15:10:50.490 FormLogin ctor start
15:10:50.769 FormLogin ctor end
15:10:50.770 After FormLogin ctor
15:10:50.776 FormLogin HandleCreated
15:10:50.829 FormLogin Load
15:10:50.831 FormLogin VisibleChanged=True
15:10:50.877 FormLogin Shown
15:11:02.067 FormLogin VisibleChanged=False
15:12:25.953 FormLogin ctor start
15:12:25.956 FormLogin ctor end
15:12:25.962 FormLogin HandleCreated
15:12:26.032 FormLogin Load
15:12:26.032 FormLogin VisibleChanged=True
15:12:26.064 FormLogin Shown
15:16:45.028 FormLogin FormClosed=Cancel
15:16:45.029 FormLogin VisibleChanged=False
15:16:45.046 FormLogin HandleDestroyed
15:16:45.070 FormLogin FormClosed=None
15:16:45.071 FormLogin HandleDestroyed
15:44:51.869 Main start
15:44:51.903 Before FormLogin ctor
15:44:51.944 FormLogin ctor start
15:44:52.159 FormLogin ctor end
15:44:52.159 After FormLogin ctor
15:44:52.162 FormLogin HandleCreated
15:44:52.178 FormLogin Load
15:44:52.179 FormLogin VisibleChanged=True
15:44:52.210 FormLogin Shown
15:45:04.614 FormLogin VisibleChanged=False
15:46:10.059 FormLogin FormClosed=None
15:46:10.061 FormLogin HandleDestroyed
15:46:36.934 Main start
15:46:36.970 Before FormLogin ctor
15:46:37.010 FormLogin ctor start
15:46:37.225 FormLogin ctor end
15:46:37.226 After FormLogin ctor
15:46:37.229 FormLogin HandleCreated
15:46:37.243 FormLogin Load
15:46:37.244 FormLogin VisibleChanged=True
15:46:37.272 FormLogin Shown
15:46:48.425 FormLogin VisibleChanged=False
18:53:36.997 Main start
18:53:37.020 Before FormLogin ctor
18:53:37.047 FormLogin ctor start
18:53:37.232 FormLogin ctor end
18:53:37.232 After FormLogin ctor
18:53:37.236 FormLogin HandleCreated
18:53:37.261 FormLogin Load
18:53:37.263 FormLogin VisibleChanged=True
18:53:37.291 FormLogin Shown
18:54:51.606 FormLogin VisibleChanged=False
18:56:21.758 FormLogin ctor start
18:56:21.764 FormLogin ctor end
18:56:21.795 FormLogin HandleCreated
18:56:21.856 FormLogin Load
18:56:21.858 FormLogin VisibleChanged=True
18:56:21.902 FormLogin Shown
18:56:28.840 FormLogin FormClosed=Cancel
18:56:28.842 FormLogin VisibleChanged=False
18:56:28.860 FormLogin HandleDestroyed
18:56:28.904 FormLogin FormClosed=None
18:56:28.907 FormLogin HandleDestroyed
22:57:44.856 Main start
22:57:44.898 Before FormLogin ctor
22:57:44.948 FormLogin ctor start
22:57:45.193 FormLogin ctor end
22:57:45.193 After FormLogin ctor
22:57:45.198 FormLogin HandleCreated
22:57:45.225 FormLogin Load
22:57:45.226 FormLogin VisibleChanged=True
22:57:45.269 FormLogin Shown
22:57:54.424 FormLogin VisibleChanged=False
23:07:19.502 FormLogin FormClosed=None
23:07:19.504 FormLogin HandleDestroyed
23:24:25.671 Main start
23:24:25.703 Before FormLogin ctor
23:24:25.895 FormLogin ctor start
23:24:26.098 FormLogin ctor end
23:24:26.099 After FormLogin ctor
23:24:26.101 FormLogin HandleCreated
23:24:26.127 FormLogin Load
23:24:26.127 FormLogin VisibleChanged=True
23:24:26.140 FormLogin Shown
23:24:40.920 FormLogin VisibleChanged=False
23:27:33.039 FormLogin FormClosed=None
23:27:33.042 FormLogin HandleDestroyed
23:34:10.672 Main start
23:34:10.697 Before FormLogin ctor
23:34:10.739 FormLogin ctor start
23:34:10.907 FormLogin ctor end
23:34:10.908 After FormLogin ctor
23:34:10.910 FormLogin HandleCreated
23:34:10.921 FormLogin Load
23:34:10.922 FormLogin VisibleChanged=True
23:34:10.946 FormLogin Shown
00:03:33.364 FormLogin VisibleChanged=False
00:17:30.274 FormLogin FormClosed=None
00:17:30.276 FormLogin HandleDestroyed
00:17:44.574 Main start
00:17:44.602 Before FormLogin ctor
00:17:44.758 FormLogin ctor start
00:17:44.926 FormLogin ctor end
00:17:44.927 After FormLogin ctor
00:17:44.929 FormLogin HandleCreated
00:17:44.941 FormLogin Load
00:17:44.942 FormLogin VisibleChanged=True
00:17:44.964 FormLogin Shown
00:18:20.350 FormLogin VisibleChanged=False
00:19:52.899 FormLogin FormClosed=None
00:19:52.902 FormLogin HandleDestroyed
00:24:34.024 Main start
00:24:34.053 Before FormLogin ctor
00:24:34.110 FormLogin ctor start
00:24:34.291 FormLogin ctor end
00:24:34.291 After FormLogin ctor
00:24:34.293 FormLogin HandleCreated
00:24:34.302 FormLogin Load
00:24:34.303 FormLogin VisibleChanged=True
00:24:34.326 FormLogin Shown
00:25:06.734 FormLogin VisibleChanged=False
00:27:39.308 FormLogin FormClosed=None
00:27:39.310 FormLogin HandleDestroyed
00:28:05.678 Main start
00:28:05.701 Before FormLogin ctor
00:28:05.738 FormLogin ctor start
00:28:05.882 FormLogin ctor end
00:28:05.882 After FormLogin ctor
00:28:05.885 FormLogin HandleCreated
00:28:05.894 FormLogin Load
00:28:05.895 FormLogin VisibleChanged=True
00:28:05.921 FormLogin Shown
00:28:33.579 FormLogin VisibleChanged=False
00:28:40.796 FormLogin FormClosed=None
00:28:40.800 FormLogin HandleDestroyed
00:40:10.585 Main start
00:40:10.607 Before FormLogin ctor
00:40:10.633 FormLogin ctor start
00:40:10.781 FormLogin ctor end
00:40:10.781 After FormLogin ctor
00:40:10.783 FormLogin HandleCreated
00:40:10.800 FormLogin Load
00:40:10.801 FormLogin VisibleChanged=True
00:40:10.827 FormLogin Shown
00:40:47.876 FormLogin VisibleChanged=False
00:45:45.664 FormLogin FormClosed=None
00:45:45.666 FormLogin HandleDestroyed
00:45:50.617 Main start
00:45:50.644 Before FormLogin ctor
00:45:50.673 FormLogin ctor start
00:45:50.819 FormLogin ctor end
00:45:50.819 After FormLogin ctor
00:45:50.821 FormLogin HandleCreated
00:45:50.830 FormLogin Load
00:45:50.831 FormLogin VisibleChanged=True
00:45:50.854 FormLogin Shown
00:45:57.716 FormLogin FormClosed=Cancel
00:45:57.723 FormLogin HandleDestroyed
00:46:08.469 Main start
00:46:08.491 Before FormLogin ctor
00:46:08.525 FormLogin ctor start
00:46:08.663 FormLogin ctor end
00:46:08.664 After FormLogin ctor
00:46:08.681 FormLogin HandleCreated
00:46:08.691 FormLogin Load
00:46:08.691 FormLogin VisibleChanged=True
00:46:08.720 FormLogin Shown
00:46:16.652 FormLogin FormClosed=Cancel
00:46:16.660 FormLogin HandleDestroyed
00:46:21.205 Main start
00:46:21.228 Before FormLogin ctor
00:46:21.263 FormLogin ctor start
00:46:21.406 FormLogin ctor end
00:46:21.407 After FormLogin ctor
00:46:21.409 FormLogin HandleCreated
00:46:21.420 FormLogin Load
00:46:21.421 FormLogin VisibleChanged=True
00:46:21.444 FormLogin Shown
00:48:22.380 FormLogin FormClosed=Cancel
00:48:22.399 FormLogin HandleDestroyed
00:48:32.145 Main start
00:48:32.167 Before FormLogin ctor
00:48:32.193 FormLogin ctor start
00:48:32.333 FormLogin ctor end
00:48:32.334 After FormLogin ctor
00:48:32.336 FormLogin HandleCreated
00:48:32.345 FormLogin Load
00:48:32.346 FormLogin VisibleChanged=True
00:48:32.365 FormLogin Shown
07:59:06.609 Main start
07:59:06.656 Before FormLogin ctor
07:59:06.712 FormLogin ctor start
07:59:06.955 FormLogin ctor end
07:59:06.955 After FormLogin ctor
07:59:06.958 FormLogin HandleCreated
07:59:06.987 FormLogin Load
07:59:06.988 FormLogin VisibleChanged=True
07:59:07.009 FormLogin Shown
08:02:13.331 FormLogin FormClosed=None
08:02:13.391 FormLogin HandleDestroyed
08:03:48.300 Main start
08:03:48.343 Before FormLogin ctor
08:03:48.403 FormLogin ctor start
08:03:48.630 FormLogin ctor end
08:03:48.630 After FormLogin ctor
08:03:48.633 FormLogin HandleCreated
08:03:48.695 FormLogin Load
08:03:48.696 FormLogin VisibleChanged=True
08:03:48.722 FormLogin Shown
08:13:07.734 FormLogin FormClosed=Cancel
08:13:07.741 FormLogin HandleDestroyed
08:13:50.076 Main start
08:13:50.113 Before FormLogin ctor
08:13:50.367 FormLogin ctor start
08:13:50.625 FormLogin ctor end
08:13:50.625 After FormLogin ctor
08:13:50.629 FormLogin HandleCreated
08:13:50.642 FormLogin Load
08:13:50.643 FormLogin VisibleChanged=True
08:13:50.668 FormLogin Shown
08:14:42.416 FormLogin FormClosed=None
08:14:42.435 FormLogin HandleDestroyed
08:16:32.657 Main start
08:16:32.689 Before FormLogin ctor
08:16:32.727 FormLogin ctor start
08:16:32.945 FormLogin ctor end
08:16:32.946 After FormLogin ctor
08:16:32.950 FormLogin HandleCreated
08:16:32.964 FormLogin Load
08:16:32.965 FormLogin VisibleChanged=True
08:16:32.999 FormLogin Shown
08:16:53.315 FormLogin FormClosed=None
08:16:53.354 FormLogin HandleDestroyed
08:18:51.768 Main start
08:18:51.800 Before FormLogin ctor
08:18:51.839 FormLogin ctor start
08:18:52.085 FormLogin ctor end
08:18:52.085 After FormLogin ctor
08:18:52.098 FormLogin HandleCreated
08:18:52.126 FormLogin Load
08:18:52.128 FormLogin VisibleChanged=True
08:18:52.160 FormLogin Shown
08:23:59.782 Main start
08:23:59.818 Before FormLogin ctor
08:23:59.858 FormLogin ctor start
08:24:00.067 FormLogin ctor end
08:24:00.068 After FormLogin ctor
08:24:00.072 FormLogin HandleCreated
08:24:00.085 FormLogin Load
08:24:00.086 FormLogin VisibleChanged=True
08:24:00.113 FormLogin Shown
08:30:53.382 FormLogin FormClosed=Cancel
08:30:53.388 FormLogin HandleDestroyed
08:34:40.696 Main start
08:34:40.730 Before FormLogin ctor
08:34:40.768 FormLogin ctor start
08:34:40.980 FormLogin ctor end
08:34:40.981 After FormLogin ctor
08:34:40.984 FormLogin HandleCreated
08:34:40.998 FormLogin Load
08:34:40.999 FormLogin VisibleChanged=True
08:34:41.030 FormLogin Shown
08:35:09.471 FormLogin FormClosed=Cancel
08:35:09.486 FormLogin HandleDestroyed
08:36:44.963 Main start
08:36:45.000 Before FormLogin ctor
08:36:45.041 FormLogin ctor start
08:36:45.249 FormLogin ctor end
08:36:45.250 After FormLogin ctor
08:36:45.253 FormLogin HandleCreated
08:36:45.270 FormLogin Load
08:36:45.271 FormLogin VisibleChanged=True
08:36:45.300 FormLogin Shown
08:37:20.400 FormLogin FormClosed=None
08:37:20.420 FormLogin HandleDestroyed
08:37:33.691 Main start
08:37:33.726 Before FormLogin ctor
08:37:33.766 FormLogin ctor start
08:37:33.977 FormLogin ctor end
08:37:33.977 After FormLogin ctor
08:37:33.981 FormLogin HandleCreated
08:37:33.994 FormLogin Load
08:37:33.995 FormLogin VisibleChanged=True
08:37:34.025 FormLogin Shown
08:37:49.102 FormLogin VisibleChanged=False
08:38:06.089 FormLogin FormClosed=None
08:38:06.090 FormLogin HandleDestroyed
08:38:15.619 Main start
08:38:15.654 Before FormLogin ctor
08:38:15.694 FormLogin ctor start
08:38:15.915 FormLogin ctor end
08:38:15.916 After FormLogin ctor
08:38:15.919 FormLogin HandleCreated
08:38:15.931 FormLogin Load
08:38:15.932 FormLogin VisibleChanged=True
08:38:15.962 FormLogin Shown
08:42:00.538 FormLogin FormClosed=None
08:42:00.546 FormLogin HandleDestroyed
08:42:28.920 Main start
08:42:28.965 Before FormLogin ctor
08:42:29.003 FormLogin ctor start
08:42:29.213 FormLogin ctor end
08:42:29.214 After FormLogin ctor
08:42:29.217 FormLogin HandleCreated
08:42:29.230 FormLogin Load
08:42:29.231 FormLogin VisibleChanged=True
08:42:29.253 FormLogin Shown
08:46:05.162 FormLogin FormClosed=None
08:46:05.181 FormLogin HandleDestroyed
08:49:54.012 Main start
08:49:54.047 Before FormLogin ctor
08:49:54.091 FormLogin ctor start
08:49:54.303 FormLogin ctor end
08:49:54.303 After FormLogin ctor
08:49:54.308 FormLogin HandleCreated
08:49:54.323 FormLogin Load
08:49:54.324 FormLogin VisibleChanged=True
08:49:54.355 FormLogin Shown
08:52:11.039 FormLogin FormClosed=None
08:52:11.060 FormLogin HandleDestroyed
08:57:18.434 Main start
08:57:18.476 Before FormLogin ctor
08:57:18.529 FormLogin ctor start
08:57:18.739 FormLogin ctor end
08:57:18.740 After FormLogin ctor
08:57:18.744 FormLogin HandleCreated
08:57:18.757 FormLogin Load
08:57:18.758 FormLogin VisibleChanged=True
08:57:18.786 FormLogin Shown
08:57:42.793 FormLogin VisibleChanged=False
08:57:45.856 FormLogin FormClosed=None
08:57:45.858 FormLogin HandleDestroyed
08:57:52.148 Main start
08:57:52.180 Before FormLogin ctor
08:57:52.217 FormLogin ctor start
08:57:52.423 FormLogin ctor end
08:57:52.424 After FormLogin ctor
08:57:52.427 FormLogin HandleCreated
08:57:52.442 FormLogin Load
08:57:52.443 FormLogin VisibleChanged=True
08:57:52.469 FormLogin Shown
09:01:42.876 FormLogin FormClosed=None
09:01:42.897 FormLogin HandleDestroyed
09:01:56.819 Main start
09:01:56.854 Before FormLogin ctor
09:01:56.898 FormLogin ctor start
09:01:57.107 FormLogin ctor end
09:01:57.108 After FormLogin ctor
09:01:57.111 FormLogin HandleCreated
09:01:57.124 FormLogin Load
09:01:57.125 FormLogin VisibleChanged=True
09:01:57.154 FormLogin Shown
09:02:59.526 FormLogin VisibleChanged=False
09:05:04.312 FormLogin FormClosed=None
09:05:04.313 FormLogin HandleDestroyed
09:07:19.630 Main start
09:07:19.669 Before FormLogin ctor
09:07:19.706 FormLogin ctor start
09:07:19.919 FormLogin ctor end
09:07:19.919 After FormLogin ctor
09:07:19.923 FormLogin HandleCreated
09:07:19.936 FormLogin Load
09:07:19.938 FormLogin VisibleChanged=True
09:07:19.972 FormLogin Shown
09:07:29.799 FormLogin VisibleChanged=False
09:08:06.056 FormLogin FormClosed=None
09:08:06.058 FormLogin HandleDestroyed
09:29:47.834 Main start
09:29:47.874 Before FormLogin ctor
09:29:47.921 FormLogin ctor start
09:29:48.152 FormLogin ctor end
09:29:48.152 After FormLogin ctor
09:29:48.156 FormLogin HandleCreated
09:29:48.169 FormLogin Load
09:29:48.170 FormLogin VisibleChanged=True
09:29:48.206 FormLogin Shown
09:29:56.872 FormLogin VisibleChanged=False
09:42:21.072 FormLogin FormClosed=None
09:42:21.074 FormLogin HandleDestroyed
09:42:34.339 Main start
09:42:34.373 Before FormLogin ctor
09:42:34.414 FormLogin ctor start
09:42:34.644 FormLogin ctor end
09:42:34.644 After FormLogin ctor
09:42:34.648 FormLogin HandleCreated
09:42:34.668 FormLogin Load
09:42:34.669 FormLogin VisibleChanged=True
09:42:34.702 FormLogin Shown
09:42:57.055 FormLogin VisibleChanged=False
09:43:11.168 FormLogin ctor start
09:43:11.171 FormLogin ctor end
09:43:11.176 FormLogin HandleCreated
09:43:11.222 FormLogin Load
09:43:11.226 FormLogin VisibleChanged=True
09:43:11.259 FormLogin Shown
09:43:20.734 FormLogin VisibleChanged=False
09:50:04.316 FormLogin FormClosed=Cancel
09:50:04.318 FormLogin HandleDestroyed
09:50:04.328 FormLogin FormClosed=None
09:50:04.329 FormLogin HandleDestroyed
09:52:40.091 Main start
09:52:40.124 Before FormLogin ctor
09:52:40.166 FormLogin ctor start
09:52:40.390 FormLogin ctor end
09:52:40.390 After FormLogin ctor
09:52:40.393 FormLogin HandleCreated
09:52:40.409 FormLogin Load
09:52:40.410 FormLogin VisibleChanged=True
09:52:40.449 FormLogin Shown
09:53:34.712 FormLogin VisibleChanged=False
09:56:07.304 FormLogin FormClosed=None
09:56:07.306 FormLogin HandleDestroyed
